21:32:03 **** Incremental Build of configuration Debug for project STM32_CDHS ****
make -j4 all 
Building file: ../src/main.c
Invoking: MCU GCC Compiler
D:\GIT\GitHub\STM32_CDHS\STM32_CDHS\Debug
arm-none-eabi-gcc -mcpu=cortex-m3 -mthumb -mfloat-abi=soft -DSTM32 -DSTM32F1 -DSTM32F103C8Tx -DDEBUG -DSTM32F10X_MD -DUSE_STDPERIPH_DRIVER -I"D:/GIT/GitHub/STM32_CDHS/STM32_CDHS/StdPeriph_Driver/inc" -I"D:/GIT/GitHub/STM32_CDHS/STM32_CDHS/inc" -I"D:/GIT/GitHub/STM32_CDHS/STM32_CDHS/CMSIS/device" -I"D:/GIT/GitHub/STM32_CDHS/STM32_CDHS/CMSIS/core" -O0 -g3 -Wall -fmessage-length=0 -ffunction-sections -c -MMD -MP -MF"src/main.d" -MT"src/main.o" -o "src/main.o" "../src/main.c"
Finished building: ../src/main.c
 
Building target: STM32_CDHS.elf
Invoking: MCU GCC Linker
arm-none-eabi-gcc -mcpu=cortex-m3 -mthumb -mfloat-abi=soft -T"D:/GIT/GitHub/STM32_CDHS/STM32_CDHS/LinkerScript.ld" -Wl,-Map=output.map -Wl,--gc-sections -o "STM32_CDHS.elf" @"objects.list"   -lm
Finished building target: STM32_CDHS.elf
 
make --no-print-directory post-build
Generating binary and Printing size information:
arm-none-eabi-objcopy -O binary "STM32_CDHS.elf" "STM32_CDHS.bin"
arm-none-eabi-size "STM32_CDHS.elf"
   text	   data	    bss	    dec	    hex	filename
   1220	   1080	   1092	   3392	    d40	STM32_CDHS.elf
 
